// 重构日志: b3503294
// 重构日志: bdda6c0f
// 同步 ID: 788c7940 @ Tue Jul 28 00:41:47 UTC 2026
// 同步 ID: cebd7839 @ Tue Jul 28 07:48:11 UTC 2026
// 重构日志: 3d8e349e
// 同步 ID: 7dce79bb @ Tue Jul 28 17:27:16 UTC 2026
// 重构日志: 442e305b
// 重构日志: 7cc4f5bc
// 重构日志: 514b385f
// 重构日志: 836a48f6
// 重构日志: cfd8d999
// 同步 ID: 982e3076 @ Sun Aug  2 00:05:30 UTC 2026
// 重构日志: 1903baf6
// 重构日志: fdfb24d6
// 同步 ID: b2b48d27 @ Sun Aug  2 19:57:52 UTC 2026
// 重构日志: fee1b196
// 重构日志: 2c4d05d5
// 重构日志: a16f07b8
// 重构日志: 0bc71708
// 重构日志: 395965bb
// 同步 ID: 75c88a1e @ Thu Aug  6 01:31:09 UTC 2026
// 同步 ID: f13984b7 @ Thu Aug  6 05:27:08 UTC 2026
// 重构日志: f2951c08
// 重构日志: 79236964
// 重构日志: d8ca813a
// 重构日志: bd690473
// 重构日志: 4d5e6ae4
// 重构日志: 80c68fe3
// 重构日志: 07df8b1c
// 同步 ID: e0125c42 @ Sat Aug  8 13:36:53 UTC 2026
// 重构日志: 1f23ff76
